// Jest Snapshot v1, https://goo.gl/fbAQLP

exports[`MCP Tool Handler Tests draw_cards tool produces deterministic results for single card 1`] = `
"[
  {
    "name": "Page of Wands",
    "uri": "tarot://card/minor/wands/page"
  }
]"
`;

exports[`MCP Tool Handler Tests get_full_deck tool produces deterministic results 1`] = `
"[
  {
    "name": "The Fool",
    "uri": "tarot://card/major/0"
  },
  {
    "name": "The Magician",
    "uri": "tarot://card/major/1"
  },
  {
    "name": "The High Priestess",
    "uri": "tarot://card/major/2"
  },
  {
    "name": "The Empress",
    "uri": "tarot://card/major/3"
  },
  {
    "name": "The Emperor",
    "uri": "tarot://card/major/4"
  },
  {
    "name": "The Hierophant",
    "uri": "tarot://card/major/5"
  },
  {
    "name": "The Lovers",
    "uri": "tarot://card/major/6"
  },
  {
    "name": "The Chariot",
    "uri": "tarot://card/major/7"
  },
  {
    "name": "Strength",
    "uri": "tarot://card/major/8"
  },
  {
    "name": "The Hermit",
    "uri": "tarot://card/major/9"
  },
  {
    "name": "Wheel of Fortune",
    "uri": "tarot://card/major/10"
  },
  {
    "name": "Justice",
    "uri": "tarot://card/major/11"
  },
  {
    "name": "The Hanged Man",
    "uri": "tarot://card/major/12"
  },
  {
    "name": "Death",
    "uri": "tarot://card/major/13"
  },
  {
    "name": "Temperance",
    "uri": "tarot://card/major/14"
  },
  {
    "name": "The Devil",
    "uri": "tarot://card/major/15"
  },
  {
    "name": "The Tower",
    "uri": "tarot://card/major/16"
  },
  {
    "name": "The Star",
    "uri": "tarot://card/major/17"
  },
  {
    "name": "The Moon",
    "uri": "tarot://card/major/18"
  },
  {
    "name": "The Sun",
    "uri": "tarot://card/major/19"
  },
  {
    "name": "Judgement",
    "uri": "tarot://card/major/20"
  },
  {
    "name": "The World",
    "uri": "tarot://card/major/21"
  },
  {
    "name": "Ace of Wands",
    "uri": "tarot://card/minor/wands/ace"
  },
  {
    "name": "Two of Wands",
    "uri": "tarot://card/minor/wands/2"
  },
  {
    "name": "Three of Wands",
    "uri": "tarot://card/minor/wands/3"
  },
  {
    "name": "Four of Wands",
    "uri": "tarot://card/minor/wands/4"
  },
  {
    "name": "Five of Wands",
    "uri": "tarot://card/minor/wands/5"
  },
  {
    "name": "Six of Wands",
    "uri": "tarot://card/minor/wands/6"
  },
  {
    "name": "Seven of Wands",
    "uri": "tarot://card/minor/wands/7"
  },
  {
    "name": "Eight of Wands",
    "uri": "tarot://card/minor/wands/8"
  },
  {
    "name": "Nine of Wands",
    "uri": "tarot://card/minor/wands/9"
  },
  {
    "name": "Ten of Wands",
    "uri": "tarot://card/minor/wands/10"
  },
  {
    "name": "Page of Wands",
    "uri": "tarot://card/minor/wands/page"
  },
  {
    "name": "Knight of Wands",
    "uri": "tarot://card/minor/wands/knight"
  },
  {
    "name": "Queen of Wands",
    "uri": "tarot://card/minor/wands/queen"
  },
  {
    "name": "King of Wands",
    "uri": "tarot://card/minor/wands/king"
  },
  {
    "name": "Ace of Pentacles",
    "uri": "tarot://card/minor/pentacles/ace"
  },
  {
    "name": "Two of Pentacles",
    "uri": "tarot://card/minor/pentacles/2"
  },
  {
    "name": "Three of Pentacles",
    "uri": "tarot://card/minor/pentacles/3"
  },
  {
    "name": "Four of Pentacles",
    "uri": "tarot://card/minor/pentacles/4"
  },
  {
    "name": "Five of Pentacles",
    "uri": "tarot://card/minor/pentacles/5"
  },
  {
    "name": "Six of Pentacles",
    "uri": "tarot://card/minor/pentacles/6"
  },
  {
    "name": "Seven of Pentacles",
    "uri": "tarot://card/minor/pentacles/7"
  },
  {
    "name": "Eight of Pentacles",
    "uri": "tarot://card/minor/pentacles/8"
  },
  {
    "name": "Nine of Pentacles",
    "uri": "tarot://card/minor/pentacles/9"
  },
  {
    "name": "Ten of Pentacles",
    "uri": "tarot://card/minor/pentacles/10"
  },
  {
    "name": "Page of Pentacles",
    "uri": "tarot://card/minor/pentacles/page"
  },
  {
    "name": "Knight of Pentacles",
    "uri": "tarot://card/minor/pentacles/knight"
  },
  {
    "name": "Queen of Pentacles",
    "uri": "tarot://card/minor/pentacles/queen"
  },
  {
    "name": "King of Pentacles",
    "uri": "tarot://card/minor/pentacles/king"
  },
  {
    "name": "Ace of Swords",
    "uri": "tarot://card/minor/swords/ace"
  },
  {
    "name": "Two of Swords",
    "uri": "tarot://card/minor/swords/2"
  },
  {
    "name": "Three of Swords",
    "uri": "tarot://card/minor/swords/3"
  },
  {
    "name": "Four of Swords",
    "uri": "tarot://card/minor/swords/4"
  },
  {
    "name": "Five of Swords",
    "uri": "tarot://card/minor/swords/5"
  },
  {
    "name": "Six of Swords",
    "uri": "tarot://card/minor/swords/6"
  },
  {
    "name": "Seven of Swords",
    "uri": "tarot://card/minor/swords/7"
  },
  {
    "name": "Eight of Swords",
    "uri": "tarot://card/minor/swords/8"
  },
  {
    "name": "Nine of Swords",
    "uri": "tarot://card/minor/swords/9"
  },
  {
    "name": "Ten of Swords",
    "uri": "tarot://card/minor/swords/10"
  },
  {
    "name": "Page of Swords",
    "uri": "tarot://card/minor/swords/page"
  },
  {
    "name": "Knight of Swords",
    "uri": "tarot://card/minor/swords/knight"
  },
  {
    "name": "Queen of Swords",
    "uri": "tarot://card/minor/swords/queen"
  },
  {
    "name": "King of Swords",
    "uri": "tarot://card/minor/swords/king"
  },
  {
    "name": "Ace of Cups",
    "uri": "tarot://card/minor/cups/ace"
  },
  {
    "name": "Two of Cups",
    "uri": "tarot://card/minor/cups/2"
  },
  {
    "name": "Three of Cups",
    "uri": "tarot://card/minor/cups/3"
  },
  {
    "name": "Four of Cups",
    "uri": "tarot://card/minor/cups/4"
  },
  {
    "name": "Five of Cups",
    "uri": "tarot://card/minor/cups/5"
  },
  {
    "name": "Six of Cups",
    "uri": "tarot://card/minor/cups/6"
  },
  {
    "name": "Seven of Cups",
    "uri": "tarot://card/minor/cups/7"
  },
  {
    "name": "Eight of Cups",
    "uri": "tarot://card/minor/cups/8"
  },
  {
    "name": "Nine of Cups",
    "uri": "tarot://card/minor/cups/9"
  },
  {
    "name": "Ten of Cups",
    "uri": "tarot://card/minor/cups/10"
  },
  {
    "name": "Page of Cups",
    "uri": "tarot://card/minor/cups/page"
  },
  {
    "name": "Knight of Cups",
    "uri": "tarot://card/minor/cups/knight"
  },
  {
    "name": "Queen of Cups",
    "uri": "tarot://card/minor/cups/queen"
  },
  {
    "name": "King of Cups",
    "uri": "tarot://card/minor/cups/king"
  }
]"
`;
